\BOOKMARK [0][-]{chapter.1}{\376\377\000I\000n\000t\000r\000o\000d\000u\000c\000c\000i\000\363\000n}{}% 1
\BOOKMARK [1][-]{section.1.1}{\376\377\000C\000o\000n\000t\000e\000x\000t\000o}{chapter.1}% 2
\BOOKMARK [1][-]{section.1.2}{\376\377\000P\000r\000o\000b\000l\000e\000m\000a\000\040\000a\000b\000o\000r\000d\000a\000d\000o}{chapter.1}% 3
\BOOKMARK [1][-]{section.1.3}{\376\377\000S\000o\000l\000u\000c\000i\000\363\000n\000\040\000p\000r\000o\000p\000u\000e\000s\000t\000a}{chapter.1}% 4
\BOOKMARK [1][-]{section.1.4}{\376\377\000A\000p\000o\000r\000t\000a\000c\000i\000\363\000n\000\040\000d\000e\000l\000\040\000t\000r\000a\000b\000a\000j\000o}{chapter.1}% 5
\BOOKMARK [1][-]{section.1.5}{\376\377\000A\000l\000c\000a\000n\000c\000e}{chapter.1}% 6
\BOOKMARK [1][-]{section.1.6}{\376\377\000E\000x\000c\000l\000u\000s\000i\000o\000n\000e\000s}{chapter.1}% 7
\BOOKMARK [1][-]{section.1.7}{\376\377\000E\000s\000t\000r\000u\000c\000t\000u\000r\000a\000\040\000d\000e\000l\000\040\000d\000o\000c\000u\000m\000e\000n\000t\000o}{chapter.1}% 8
\BOOKMARK [0][-]{chapter.2}{\376\377\000O\000b\000j\000e\000t\000i\000v\000o\000s}{}% 9
\BOOKMARK [1][-]{section.2.1}{\376\377\000O\000b\000j\000e\000t\000i\000v\000o\000\040\000g\000e\000n\000e\000r\000a\000l}{chapter.2}% 10
\BOOKMARK [1][-]{section.2.2}{\376\377\000O\000b\000j\000e\000t\000i\000v\000o\000s\000\040\000e\000s\000p\000e\000c\000\355\000f\000i\000c\000o\000s}{chapter.2}% 11
\BOOKMARK [1][-]{section.2.3}{\376\377\000C\000a\000m\000b\000i\000o\000\040\000d\000e\000\040\000a\000l\000c\000a\000n\000c\000e\000\040\000r\000e\000s\000p\000e\000c\000t\000o\000\040\000a\000\040\000C\000K\000A\000N}{chapter.2}% 12
\BOOKMARK [0][-]{chapter.3}{\376\377\000E\000s\000t\000a\000d\000o\000\040\000d\000e\000l\000\040\000a\000r\000t\000e}{}% 13
\BOOKMARK [1][-]{section.3.1}{\376\377\000G\000o\000b\000i\000e\000r\000n\000o\000\040\000d\000e\000l\000\040\000d\000a\000t\000o\000\040\000y\000\040\000g\000e\000s\000t\000i\000\363\000n\000\040\000d\000e\000\040\000m\000e\000t\000a\000d\000a\000t\000o\000s}{chapter.3}% 14
\BOOKMARK [1][-]{section.3.2}{\376\377\000C\000a\000t\000\341\000l\000o\000g\000o\000s\000\040\000d\000e\000\040\000d\000a\000t\000o\000s\000\040\000y\000\040\000m\000e\000t\000a\000d\000a\000t\000o\000s\000\040\000t\000\351\000c\000n\000i\000c\000o\000s}{chapter.3}% 15
\BOOKMARK [1][-]{section.3.3}{\376\377\000R\000D\000F\000,\000\040\000J\000S\000O\000N\000-\000L\000D\000\040\000y\000\040\000v\000o\000c\000a\000b\000u\000l\000a\000r\000i\000o\000s\000\040\000s\000e\000m\000\341\000n\000t\000i\000c\000o\000s}{chapter.3}% 16
\BOOKMARK [2][-]{subsection.3.3.1}{\376\377\000Q\000u\000\351\000\040\000e\000s\000\040\000R\000D\000F\000\040\000y\000\040\000p\000o\000r\000\040\000q\000u\000\351\000\040\000s\000e\000\040\000u\000t\000i\000l\000i\000z\000a}{section.3.3}% 17
\BOOKMARK [2][-]{subsection.3.3.2}{\376\377\000J\000S\000O\000N\000-\000L\000D\000\040\000c\000o\000m\000o\000\040\000s\000e\000r\000i\000a\000l\000i\000z\000a\000c\000i\000\363\000n\000\040\000e\000l\000e\000g\000i\000d\000a}{section.3.3}% 18
\BOOKMARK [1][-]{section.3.4}{\376\377\000D\000C\000A\000T\000,\000\040\000D\000C\000A\000T\000-\000A\000P\000\040\000y\000\040\000D\000C\000A\000T\000-\000A\000P\000-\000E\000S}{chapter.3}% 19
\BOOKMARK [1][-]{section.3.5}{\376\377\000D\000a\000t\000o\000s\000\040\000d\000e\000\040\000a\000l\000t\000o\000\040\000v\000a\000l\000o\000r\000\040\000y\000\040\000c\000a\000s\000o\000\040\000H\000V\000D}{chapter.3}% 20
\BOOKMARK [1][-]{section.3.6}{\376\377\000V\000a\000l\000i\000d\000a\000c\000i\000\363\000n\000\040\000S\000H\000A\000C\000L}{chapter.3}% 21
\BOOKMARK [1][-]{section.3.7}{\376\377\000O\000p\000e\000n\000M\000e\000t\000a\000d\000a\000t\000a}{chapter.3}% 22
\BOOKMARK [2][-]{subsection.3.7.1}{\376\377\000G\000o\000b\000i\000e\000r\000n\000o\000\040\000c\000e\000n\000t\000r\000a\000l\000i\000z\000a\000d\000o\000\040\000f\000r\000e\000n\000t\000e\000\040\000a\000\040\000e\000d\000i\000c\000i\000\363\000n\000\040\000d\000a\000t\000a\000s\000e\000t\000\040\000p\000o\000r\000\040\000d\000a\000t\000a\000s\000e\000t}{section.3.7}% 23
\BOOKMARK [1][-]{section.3.8}{\376\377\000M\000e\000r\000c\000a\000d\000o\000\040\000d\000e\000\040\000h\000e\000r\000r\000a\000m\000i\000e\000n\000t\000a\000s\000\040\000d\000e\000\040\000g\000o\000b\000i\000e\000r\000n\000o\000\040\000a\000l\000i\000n\000e\000a\000d\000a\000s\000\040\000c\000o\000n\000\040\000D\000C\000A\000T\000-\000A\000P\000-\000E\000S}{chapter.3}% 24
\BOOKMARK [2][-]{subsection.3.8.1}{\376\377\000P\000o\000s\000i\000c\000i\000o\000n\000a\000m\000i\000e\000n\000t\000o\000\040\000d\000e\000\040\000l\000a\000\040\000P\000l\000a\000t\000a\000f\000o\000r\000m\000a\000\040\000d\000e\000\040\000G\000o\000b\000i\000e\000r\000n\000o\000\040\000d\000e\000l\000\040\000D\000a\000t\000o\000\040\000d\000e\000l\000\040\000T\000F\000M}{section.3.8}% 25
\BOOKMARK [1][-]{section.3.9}{\376\377\000R\000e\000p\000r\000o\000d\000u\000c\000i\000b\000i\000l\000i\000d\000a\000d\000,\000\040\000i\000d\000e\000m\000p\000o\000t\000e\000n\000c\000i\000a\000\040\000e\000\040\000I\000n\000f\000r\000a\000s\000t\000r\000u\000c\000t\000u\000r\000e\000\040\000a\000s\000\040\000C\000o\000d\000e}{chapter.3}% 26
\BOOKMARK [1][-]{section.3.10}{\376\377\000V\000a\000l\000i\000d\000a\000c\000i\000\363\000n\000\040\000f\000r\000e\000n\000t\000e\000\040\000a\000\040\000v\000e\000r\000i\000f\000i\000c\000a\000c\000i\000\363\000n}{chapter.3}% 27
\BOOKMARK [1][-]{section.3.11}{\376\377\000S\000\355\000n\000t\000e\000s\000i\000s\000\040\000d\000e\000l\000\040\000e\000s\000t\000a\000d\000o\000\040\000d\000e\000l\000\040\000a\000r\000t\000e}{chapter.3}% 28
\BOOKMARK [0][-]{chapter.4}{\376\377\000M\000e\000t\000o\000d\000o\000l\000o\000g\000\355\000a\000\040\000d\000e\000\040\000t\000r\000a\000b\000a\000j\000o}{}% 29
\BOOKMARK [1][-]{section.4.1}{\376\377\000E\000n\000f\000o\000q\000u\000e\000\040\000g\000e\000n\000e\000r\000a\000l}{chapter.4}% 30
\BOOKMARK [1][-]{section.4.2}{\376\377\000T\000a\000b\000l\000e\000r\000o\000\040\000y\000\040\000v\000i\000s\000t\000a\000s\000\040\000e\000n\000\040\000G\000i\000t\000H\000u\000b\000\040\000P\000r\000o\000j\000e\000c\000t}{chapter.4}% 31
\BOOKMARK [1][-]{section.4.3}{\376\377\000F\000a\000s\000e\000s\000\040\000d\000e\000l\000\040\000r\000o\000a\000d\000m\000a\000p}{chapter.4}% 32
\BOOKMARK [1][-]{section.4.4}{\376\377\000V\000i\000s\000t\000a\000\040\000t\000e\000m\000p\000o\000r\000a\000l\000\040\000d\000e\000l\000\040\000t\000r\000a\000b\000a\000j\000o}{chapter.4}% 33
\BOOKMARK [1][-]{section.4.5}{\376\377\000S\000t\000a\000c\000k\000\040\000t\000e\000c\000n\000o\000l\000\363\000g\000i\000c\000o}{chapter.4}% 34
\BOOKMARK [2][-]{subsection.4.5.1}{\376\377\000P\000o\000s\000t\000g\000r\000e\000S\000Q\000L\000\040\000c\000o\000m\000o\000\040\000f\000u\000e\000n\000t\000e\000\040\000t\000\351\000c\000n\000i\000c\000a\000\040\000r\000e\000p\000r\000o\000d\000u\000c\000i\000b\000l\000e}{section.4.5}% 35
\BOOKMARK [2][-]{subsection.4.5.2}{\376\377\000D\000o\000c\000k\000e\000r\000,\000\040\000K\000i\000n\000d\000,\000\040\000K\000u\000b\000e\000r\000n\000e\000t\000e\000s\000\040\000y\000\040\000H\000e\000l\000m}{section.4.5}% 36
\BOOKMARK [2][-]{subsection.4.5.3}{\376\377\000C\000o\000n\000s\000o\000l\000a\000\040\000w\000e\000b\000:\000\040\000R\000e\000a\000c\000t\000,\000\040\000N\000e\000x\000t\000.\000j\000s\000\040\000y\000\040\000T\000y\000p\000e\000S\000c\000r\000i\000p\000t}{section.4.5}% 37
\BOOKMARK [1][-]{section.4.6}{\376\377\000O\000r\000g\000a\000n\000i\000z\000a\000c\000i\000\363\000n\000\040\000d\000e\000l\000\040\000r\000e\000p\000o\000s\000i\000t\000o\000r\000i\000o}{chapter.4}% 38
\BOOKMARK [0][-]{chapter.5}{\376\377\000R\000e\000s\000u\000l\000t\000a\000d\000o\000s}{}% 39
\BOOKMARK [1][-]{section.5.1}{\376\377\000A\000r\000q\000u\000i\000t\000e\000c\000t\000u\000r\000a\000\040\000d\000e\000\040\000l\000a\000\040\000s\000o\000l\000u\000c\000i\000\363\000n}{chapter.5}% 40
\BOOKMARK [2][-]{subsection.5.1.1}{\376\377\000A\000c\000t\000o\000r\000e\000s\000\040\000d\000e\000l\000\040\000s\000i\000s\000t\000e\000m\000a}{section.5.1}% 41
\BOOKMARK [2][-]{subsection.5.1.2}{\376\377\000R\000e\000q\000u\000i\000s\000i\000t\000o\000s\000\040\000f\000u\000n\000c\000i\000o\000n\000a\000l\000e\000s}{section.5.1}% 42
\BOOKMARK [2][-]{subsection.5.1.3}{\376\377\000R\000e\000q\000u\000i\000s\000i\000t\000o\000s\000\040\000n\000o\000\040\000f\000u\000n\000c\000i\000o\000n\000a\000l\000e\000s}{section.5.1}% 43
\BOOKMARK [2][-]{subsection.5.1.4}{\376\377\000A\000r\000q\000u\000i\000t\000e\000c\000t\000u\000r\000a\000\040\000l\000\363\000g\000i\000c\000a}{section.5.1}% 44
\BOOKMARK [2][-]{subsection.5.1.5}{\376\377\000A\000r\000q\000u\000i\000t\000e\000c\000t\000u\000r\000a\000\040\000f\000\355\000s\000i\000c\000a}{section.5.1}% 45
\BOOKMARK [2][-]{subsection.5.1.6}{\376\377\000F\000l\000u\000j\000o\000\040\000e\000x\000t\000r\000e\000m\000o\000\040\000a\000\040\000e\000x\000t\000r\000e\000m\000o}{section.5.1}% 46
\BOOKMARK [2][-]{subsection.5.1.7}{\376\377\000D\000e\000c\000i\000s\000i\000o\000n\000e\000s\000\040\000d\000e\000\040\000d\000i\000s\000e\000\361\000o}{section.5.1}% 47
\BOOKMARK [2][-]{subsection.5.1.8}{\376\377\000M\000o\000d\000e\000l\000o\000\040\000a\000c\000t\000i\000v\000o\000\040\000D\000C\000A\000T\000-\000A\000P\000-\000E\000S}{section.5.1}% 48
\BOOKMARK [1][-]{section.5.2}{\376\377\000I\000m\000p\000l\000e\000m\000e\000n\000t\000a\000c\000i\000\363\000n}{chapter.5}% 49
\BOOKMARK [2][-]{subsection.5.2.1}{\376\377\000F\000u\000e\000n\000t\000e\000\040\000t\000\351\000c\000n\000i\000c\000a\000\040\000r\000e\000p\000r\000o\000d\000u\000c\000i\000b\000l\000e\000:\000\040\000P\000o\000s\000t\000g\000r\000e\000S\000Q\000L\000\040\000e\000n\000\040\000t\000r\000e\000s\000\040\000c\000a\000p\000a\000s}{section.5.2}% 50
\BOOKMARK [2][-]{subsection.5.2.2}{\376\377\000D\000o\000b\000l\000e\000\040\000i\000n\000g\000e\000s\000t\000a\000\040\000t\000\351\000c\000n\000i\000c\000a}{section.5.2}% 51
\BOOKMARK [2][-]{subsection.5.2.3}{\376\377\000L\000\363\000g\000i\000c\000a\000\040\000c\000e\000n\000t\000r\000a\000l\000\040\000e\000n\000\040\000P\000y\000t\000h\000o\000n\000:\000\040\000p\000a\000q\000u\000e\000t\000e\000\040\000o\000m\000\137\000d\000c\000a\000t\000\137\000s\000y\000n\000c}{section.5.2}% 52
\BOOKMARK [2][-]{subsection.5.2.4}{\376\377\000H\000o\000j\000a\000\040\000f\000u\000n\000c\000i\000o\000n\000a\000l\000\040\000d\000e\000\040\000g\000o\000b\000i\000e\000r\000n\000o\000\040\000y\000\040\000d\000e\000f\000a\000u\000l\000t\000s\000\040\000g\000l\000o\000b\000a\000l\000e\000s}{section.5.2}% 53
\BOOKMARK [2][-]{subsection.5.2.5}{\376\377\000C\000o\000n\000s\000o\000l\000a\000\040\000w\000e\000b\000\040\000o\000p\000e\000r\000a\000t\000i\000v\000a\000\040\000N\000e\000x\000t\000.\000j\000s}{section.5.2}% 54
\BOOKMARK [2][-]{subsection.5.2.6}{\376\377\000D\000e\000s\000p\000l\000i\000e\000g\000u\000e\000\040\000r\000e\000p\000r\000o\000d\000u\000c\000i\000b\000l\000e\000\040\000e\000n\000\040\000K\000u\000b\000e\000r\000n\000e\000t\000e\000s}{section.5.2}% 55
\BOOKMARK [2][-]{subsection.5.2.7}{\376\377\000R\000e\000s\000u\000m\000e\000n\000\040\000d\000e\000\040\000i\000m\000p\000l\000e\000m\000e\000n\000t\000a\000c\000i\000\363\000n}{section.5.2}% 56
\BOOKMARK [1][-]{section.5.3}{\376\377\000V\000a\000l\000i\000d\000a\000c\000i\000\363\000n\000\040\000y\000\040\000r\000e\000s\000u\000l\000t\000a\000d\000o\000s\000\040\000d\000e\000\040\000l\000a\000\040\000v\000a\000l\000i\000d\000a\000c\000i\000\363\000n}{chapter.5}% 57
\BOOKMARK [2][-]{subsection.5.3.1}{\376\377\000P\000r\000u\000e\000b\000a\000s\000\040\000a\000u\000t\000o\000m\000a\000t\000i\000z\000a\000d\000a\000s}{section.5.3}% 58
\BOOKMARK [2][-]{subsection.5.3.2}{\376\377\000V\000a\000l\000i\000d\000a\000c\000i\000\363\000n\000\040\000e\000s\000t\000r\000u\000c\000t\000u\000r\000a\000l\000\040\000d\000e\000l\000\040\000e\000s\000t\000a\000d\000o\000\040\000v\000i\000v\000o}{section.5.3}% 59
\BOOKMARK [2][-]{subsection.5.3.3}{\376\377\000V\000a\000l\000i\000d\000a\000c\000i\000\363\000n\000\040\000S\000H\000A\000C\000L}{section.5.3}% 60
\BOOKMARK [2][-]{subsection.5.3.4}{\376\377\000V\000a\000l\000i\000d\000a\000c\000i\000\363\000n\000\040\000e\000x\000t\000e\000r\000n\000a\000\040\000c\000o\000n\000\040\000e\000l\000\040\000v\000a\000l\000i\000d\000a\000d\000o\000r\000\040\000e\000u\000r\000o\000p\000e\000o\000\040\000\050\000S\000E\000M\000I\000C\000/\000I\000T\000B\000\051}{section.5.3}% 61
\BOOKMARK [2][-]{subsection.5.3.5}{\376\377\000R\000e\000s\000u\000l\000t\000a\000d\000o\000s\000\040\000d\000e\000l\000\040\000c\000a\000s\000o\000\040\000d\000e\000\040\000u\000s\000o\000\040\000d\000e\000\040\000v\000a\000l\000i\000d\000a\000c\000i\000\363\000n}{section.5.3}% 62
\BOOKMARK [2][-]{subsection.5.3.6}{\376\377\000A\000r\000t\000e\000f\000a\000c\000t\000o\000s\000\040\000g\000e\000n\000e\000r\000a\000d\000o\000s}{section.5.3}% 63
\BOOKMARK [1][-]{section.5.4}{\376\377\000D\000i\000s\000c\000u\000s\000i\000\363\000n\000\040\000d\000e\000\040\000l\000o\000s\000\040\000r\000e\000s\000u\000l\000t\000a\000d\000o\000s}{chapter.5}% 64
\BOOKMARK [2][-]{subsection.5.4.1}{\376\377\000C\000u\000m\000p\000l\000i\000m\000i\000e\000n\000t\000o\000\040\000d\000e\000l\000\040\000p\000r\000o\000b\000l\000e\000m\000a\000\040\000p\000l\000a\000n\000t\000e\000a\000d\000o}{section.5.4}% 65
\BOOKMARK [2][-]{subsection.5.4.2}{\376\377\000B\000e\000n\000e\000f\000i\000c\000i\000o\000s\000\040\000o\000b\000t\000e\000n\000i\000d\000o\000s}{section.5.4}% 66
\BOOKMARK [2][-]{subsection.5.4.3}{\376\377\000L\000i\000m\000i\000t\000a\000c\000i\000o\000n\000e\000s}{section.5.4}% 67
\BOOKMARK [2][-]{subsection.5.4.4}{\376\377\000A\000m\000e\000n\000a\000z\000a\000s\000\040\000a\000\040\000l\000a\000\040\000v\000a\000l\000i\000d\000e\000z}{section.5.4}% 68
\BOOKMARK [1][-]{section.5.5}{\376\377\000T\000r\000a\000z\000a\000b\000i\000l\000i\000d\000a\000d\000\040\000e\000n\000t\000r\000e\000\040\000o\000b\000j\000e\000t\000i\000v\000o\000s\000\040\000y\000\040\000e\000v\000i\000d\000e\000n\000c\000i\000a\000s}{chapter.5}% 69
\BOOKMARK [0][-]{chapter.6}{\376\377\000C\000o\000n\000c\000l\000u\000s\000i\000o\000n\000e\000s\000\040\000y\000\040\000t\000r\000a\000b\000a\000j\000o\000s\000\040\000f\000u\000t\000u\000r\000o\000s}{}% 70
\BOOKMARK [1][-]{section.6.1}{\376\377\000R\000e\000v\000i\000s\000i\000\363\000n\000\040\000d\000e\000l\000\040\000o\000b\000j\000e\000t\000i\000v\000o\000\040\000p\000r\000i\000n\000c\000i\000p\000a\000l}{chapter.6}% 71
\BOOKMARK [1][-]{section.6.2}{\376\377\000C\000u\000m\000p\000l\000i\000m\000i\000e\000n\000t\000o\000\040\000d\000e\000\040\000l\000o\000s\000\040\000o\000b\000j\000e\000t\000i\000v\000o\000s}{chapter.6}% 72
\BOOKMARK [1][-]{section.6.3}{\376\377\000J\000u\000s\000t\000i\000f\000i\000c\000a\000c\000i\000\363\000n\000\040\000d\000e\000\040\000c\000o\000m\000p\000e\000t\000e\000n\000c\000i\000a\000s}{chapter.6}% 73
\BOOKMARK [1][-]{section.6.4}{\376\377\000T\000r\000a\000b\000a\000j\000o\000\040\000f\000u\000t\000u\000r\000o}{chapter.6}% 74
\BOOKMARK [0][-]{chapter*.29}{\376\377\000R\000e\000f\000e\000r\000e\000n\000c\000i\000a\000\040\000b\000i\000b\000l\000i\000o\000g\000r\000\341\000f\000i\000c\000a}{}% 75
\BOOKMARK [0][-]{appendix.Alph1}{\376\377\000R\000e\000p\000r\000o\000d\000u\000c\000c\000i\000\363\000n\000\040\000d\000e\000l\000\040\000c\000a\000s\000o\000\040\000d\000e\000\040\000u\000s\000o\000\040\000d\000e\000\040\000v\000a\000l\000i\000d\000a\000c\000i\000\363\000n}{}% 76
\BOOKMARK [1][-]{section.Alph1.1}{\376\377\000P\000r\000e\000p\000a\000r\000a\000c\000i\000\363\000n\000\040\000d\000e\000l\000\040\000e\000n\000t\000o\000r\000n\000o}{appendix.Alph1}% 77
\BOOKMARK [1][-]{section.Alph1.2}{\376\377\000D\000e\000s\000p\000l\000i\000e\000g\000u\000e\000\040\000d\000e\000\040\000i\000n\000f\000r\000a\000e\000s\000t\000r\000u\000c\000t\000u\000r\000a}{appendix.Alph1}% 78
\BOOKMARK [1][-]{section.Alph1.3}{\376\377\000E\000j\000e\000c\000u\000c\000i\000\363\000n\000\040\000d\000e\000l\000\040\000w\000o\000r\000k\000f\000l\000o\000w\000\040\000c\000a\000n\000\363\000n\000i\000c\000o}{appendix.Alph1}% 79
\BOOKMARK [1][-]{section.Alph1.4}{\376\377\000S\000u\000i\000t\000e\000\040\000r\000e\000p\000r\000o\000d\000u\000c\000i\000b\000l\000e}{appendix.Alph1}% 80
\BOOKMARK [0][-]{appendix.Alph2}{\376\377\000D\000e\000t\000a\000l\000l\000e\000\040\000d\000e\000\040\000i\000n\000f\000r\000a\000e\000s\000t\000r\000u\000c\000t\000u\000r\000a}{}% 81
\BOOKMARK [1][-]{section.Alph2.1}{\376\377\000V\000e\000r\000s\000i\000\363\000n\000\040\000d\000e\000\040\000O\000p\000e\000n\000M\000e\000t\000a\000d\000a\000t\000a}{appendix.Alph2}% 82
\BOOKMARK [1][-]{section.Alph2.2}{\376\377\000M\000a\000t\000r\000i\000z\000\040\000d\000e\000\040\000v\000e\000r\000s\000i\000o\000n\000e\000s\000\040\000d\000e\000l\000\040\000s\000i\000s\000t\000e\000m\000a}{appendix.Alph2}% 83
\BOOKMARK [1][-]{section.Alph2.3}{\376\377\000V\000a\000l\000o\000r\000e\000s\000\040\000H\000e\000l\000m\000\040\000d\000e\000\040\000O\000p\000e\000n\000M\000e\000t\000a\000d\000a\000t\000a}{appendix.Alph2}% 84
\BOOKMARK [1][-]{section.Alph2.4}{\376\377\000M\000a\000n\000i\000f\000i\000e\000s\000t\000o\000\040\000d\000e\000\040\000P\000o\000s\000t\000g\000r\000e\000S\000Q\000L\000\040\000d\000e\000\040\000r\000e\000f\000e\000r\000e\000n\000c\000i\000a}{appendix.Alph2}% 85
\BOOKMARK [1][-]{section.Alph2.5}{\376\377\000D\000i\000a\000g\000r\000a\000m\000a\000\040\000d\000e\000\040\000d\000e\000s\000p\000l\000i\000e\000g\000u\000e}{appendix.Alph2}% 86
\BOOKMARK [1][-]{section.Alph2.6}{\376\377\000N\000o\000t\000a\000s\000\040\000o\000p\000e\000r\000a\000t\000i\000v\000a\000s}{appendix.Alph2}% 87
\BOOKMARK [1][-]{section.Alph2.7}{\376\377\000I\000n\000s\000t\000a\000l\000a\000c\000i\000\363\000n\000\040\000p\000o\000r\000t\000a\000b\000l\000e\000\040\000y\000\040\000o\000r\000g\000a\000n\000i\000s\000m\000o\000s\000\040\000c\000o\000n\000\040\000O\000p\000e\000n\000M\000e\000t\000a\000d\000a\000t\000a\000\040\000p\000r\000o\000p\000i\000o}{appendix.Alph2}% 88
\BOOKMARK [0][-]{appendix.Alph3}{\376\377\000E\000s\000q\000u\000e\000m\000a\000\040\000d\000e\000\040\000g\000o\000b\000i\000e\000r\000n\000o\000\040\000f\000u\000n\000c\000i\000o\000n\000a\000l}{}% 89
\BOOKMARK [1][-]{section.Alph3.1}{\376\377\000E\000s\000t\000r\000u\000c\000t\000u\000r\000a\000\040\000d\000e\000\040\000l\000a\000\040\000h\000o\000j\000a\000\040\000g\000o\000l\000d\000\137\000g\000o\000v\000e\000r\000n\000a\000n\000c\000e\000.\000c\000s\000v}{appendix.Alph3}% 90
\BOOKMARK [1][-]{section.Alph3.2}{\376\377\000D\000e\000f\000a\000u\000l\000t\000s\000\040\000g\000l\000o\000b\000a\000l\000e\000s}{appendix.Alph3}% 91
\BOOKMARK [0][-]{appendix.Alph4}{\376\377\000M\000a\000p\000e\000o\000\040\000D\000C\000A\000T\000-\000A\000P\000-\000E\000S\000\040\000y\000\040\000e\000n\000t\000r\000e\000g\000a\000b\000l\000e\000s}{}% 92
\BOOKMARK [1][-]{section.Alph4.1}{\376\377\000C\000o\000r\000r\000e\000s\000p\000o\000n\000d\000e\000n\000c\000i\000a\000\040\000O\000p\000e\000n\000M\000e\000t\000a\000d\000a\000t\000a\000\040\000-\000>\000D\000C\000A\000T\000-\000A\000P\000-\000E\000S}{appendix.Alph4}% 93
\BOOKMARK [1][-]{section.Alph4.2}{\376\377\000Q\000u\000\351\000\040\000g\000o\000b\000i\000e\000r\000n\000a\000\040\000O\000p\000e\000n\000M\000e\000t\000a\000d\000a\000t\000a\000\040\000y\000\040\000q\000u\000\351\000\040\000d\000e\000r\000i\000v\000a\000\040\000e\000l\000\040\000s\000i\000s\000t\000e\000m\000a}{appendix.Alph4}% 94
\BOOKMARK [1][-]{section.Alph4.3}{\376\377\000Q\000u\000\351\000\040\000a\000p\000o\000r\000t\000a\000\040\000a\000c\000t\000i\000v\000a\000r\000\040\000e\000l\000\040\000c\000a\000s\000o\000\040\000H\000V\000D}{appendix.Alph4}% 95
\BOOKMARK [1][-]{section.Alph4.4}{\376\377\000E\000n\000t\000r\000e\000g\000a\000b\000l\000e\000s\000\040\000d\000e\000l\000\040\000c\000a\000s\000o\000\040\000d\000e\000\040\000u\000s\000o}{appendix.Alph4}% 96
\BOOKMARK [0][-]{appendix.Alph5}{\376\377\000V\000a\000l\000i\000d\000a\000c\000i\000\363\000n\000\040\000y\000\040\000c\000o\000n\000s\000o\000l\000a\000\040\000w\000e\000b}{}% 97
\BOOKMARK [1][-]{section.Alph5.1}{\376\377\000C\000o\000m\000a\000n\000d\000o\000s\000\040\000d\000e\000\040\000v\000a\000l\000i\000d\000a\000c\000i\000\363\000n}{appendix.Alph5}% 98
\BOOKMARK [1][-]{section.Alph5.2}{\376\377\000E\000s\000t\000r\000u\000c\000t\000u\000r\000a\000\040\000d\000e\000\040\000l\000a\000\040\000c\000o\000n\000s\000o\000l\000a\000\040\000w\000e\000b}{appendix.Alph5}% 99
\BOOKMARK [1][-]{section.Alph5.3}{\376\377\000P\000r\000u\000e\000b\000a\000s\000\040\000d\000e\000\040\000l\000a\000\040\000c\000o\000n\000s\000o\000l\000a\000\040\000w\000e\000b}{appendix.Alph5}% 100
\BOOKMARK [0][-]{appendix.Alph6}{\376\377\000D\000e\000m\000o\000s\000t\000r\000a\000c\000i\000\363\000n\000\040\000g\000u\000i\000a\000d\000a\000\040\000d\000e\000\040\000l\000a\000\040\000p\000l\000a\000t\000a\000f\000o\000r\000m\000a}{}% 101
\BOOKMARK [1][-]{section.Alph6.1}{\376\377\000P\000r\000o\000p\000\363\000s\000i\000t\000o\000\040\000y\000\040\000s\000u\000p\000u\000e\000s\000t\000o\000s\000\040\000i\000n\000i\000c\000i\000a\000l\000e\000s}{appendix.Alph6}% 102
\BOOKMARK [1][-]{section.Alph6.2}{\376\377\000A\000p\000e\000r\000t\000u\000r\000a\000\040\000d\000e\000\040\000l\000a\000\040\000c\000o\000n\000s\000o\000l\000a}{appendix.Alph6}% 103
\BOOKMARK [1][-]{section.Alph6.3}{\376\377\000E\000s\000t\000a\000d\000o\000\040\000d\000e\000\040\000l\000a\000\040\000i\000n\000f\000r\000a\000e\000s\000t\000r\000u\000c\000t\000u\000r\000a}{appendix.Alph6}% 104
\BOOKMARK [1][-]{section.Alph6.4}{\376\377\000S\000e\000r\000v\000i\000c\000i\000o\000s\000\040\000y\000\040\000d\000a\000t\000a\000s\000e\000t\000s\000\040\000i\000n\000g\000e\000r\000i\000d\000o\000s}{appendix.Alph6}% 105
\BOOKMARK [1][-]{section.Alph6.5}{\376\377\000C\000u\000r\000a\000c\000i\000\363\000n\000\040\000f\000u\000n\000c\000i\000o\000n\000a\000l\000\040\000e\000n\000\040\000l\000a\000\040\000p\000a\000n\000t\000a\000l\000l\000a\000\040\000G\000o\000b\000i\000e\000r\000n\000o}{appendix.Alph6}% 106
\BOOKMARK [1][-]{section.Alph6.6}{\376\377\000A\000p\000l\000i\000c\000a\000c\000i\000\363\000n\000\040\000d\000e\000l\000\040\000w\000o\000r\000k\000f\000l\000o\000w}{appendix.Alph6}% 107
\BOOKMARK [1][-]{section.Alph6.7}{\376\377\000E\000x\000p\000o\000r\000t\000a\000c\000i\000\363\000n\000\040\000D\000C\000A\000T\000-\000A\000P\000-\000E\000S}{appendix.Alph6}% 108
\BOOKMARK [1][-]{section.Alph6.8}{\376\377\000V\000a\000l\000i\000d\000a\000c\000i\000\363\000n\000\040\000S\000H\000A\000C\000L\000\040\000y\000\040\000s\000u\000i\000t\000e\000\040\000r\000e\000p\000r\000o\000d\000u\000c\000i\000b\000l\000e}{appendix.Alph6}% 109
\BOOKMARK [1][-]{section.Alph6.9}{\376\377\000A\000r\000t\000e\000f\000a\000c\000t\000o\000s\000\040\000y\000\040\000d\000e\000s\000c\000a\000r\000g\000a\000\040\000d\000e\000l\000\040\000c\000a\000t\000\341\000l\000o\000g\000o\000\040\000R\000D\000F}{appendix.Alph6}% 110
\BOOKMARK [1][-]{section.Alph6.10}{\376\377\000H\000i\000s\000t\000o\000r\000i\000a\000l\000\040\000d\000e\000\040\000e\000j\000e\000c\000u\000c\000i\000o\000n\000e\000s}{appendix.Alph6}% 111
\BOOKMARK [1][-]{section.Alph6.11}{\376\377\000F\000e\000d\000e\000r\000a\000c\000i\000\363\000n\000\040\000d\000e\000l\000\040\000c\000a\000t\000\341\000l\000o\000g\000o}{appendix.Alph6}% 112
\BOOKMARK [1][-]{section.Alph6.12}{\376\377\000R\000e\000s\000u\000m\000e\000n\000\040\000d\000e\000l\000\040\000r\000e\000c\000o\000r\000r\000i\000d\000o}{appendix.Alph6}% 113
\BOOKMARK [0][-]{appendix.Alph7}{\376\377\000C\000a\000p\000t\000u\000r\000a\000s\000\040\000y\000\040\000l\000i\000s\000t\000a\000d\000o\000s\000\040\000c\000o\000m\000p\000l\000e\000m\000e\000n\000t\000a\000r\000i\000o\000s}{}% 114
\BOOKMARK [1][-]{section.Alph7.1}{\376\377\000O\000r\000g\000a\000n\000i\000z\000a\000c\000i\000\363\000n\000\040\000d\000e\000l\000\040\000r\000e\000p\000o\000s\000i\000t\000o\000r\000i\000o\000\040\000y\000\040\000p\000l\000a\000n\000i\000f\000i\000c\000a\000c\000i\000\363\000n}{appendix.Alph7}% 115
\BOOKMARK [1][-]{section.Alph7.2}{\376\377\000I\000n\000f\000r\000a\000e\000s\000t\000r\000u\000c\000t\000u\000r\000a\000\040\000y\000\040\000d\000e\000s\000p\000l\000i\000e\000g\000u\000e}{appendix.Alph7}% 116
\BOOKMARK [1][-]{section.Alph7.3}{\376\377\000I\000n\000g\000e\000s\000t\000a\000\040\000y\000\040\000g\000o\000b\000i\000e\000r\000n\000o\000\040\000e\000n\000\040\000O\000p\000e\000n\000M\000e\000t\000a\000d\000a\000t\000a}{appendix.Alph7}% 117
\BOOKMARK [1][-]{section.Alph7.4}{\376\377\000N\000\372\000c\000l\000e\000o\000\040\000P\000y\000t\000h\000o\000n\000\040\000y\000\040\000p\000i\000p\000e\000l\000i\000n\000e\000\040\000d\000e\000\040\000m\000e\000t\000a\000d\000a\000t\000o\000s}{appendix.Alph7}% 118
\BOOKMARK [1][-]{section.Alph7.5}{\376\377\000C\000o\000n\000s\000o\000l\000a\000\040\000w\000e\000b\000\040\000o\000p\000e\000r\000a\000t\000i\000v\000a}{appendix.Alph7}% 119
\BOOKMARK [1][-]{section.Alph7.6}{\376\377\000L\000i\000s\000t\000a\000d\000o\000s\000\040\000d\000e\000\040\000c\000\363\000d\000i\000g\000o\000\040\000y\000\040\000c\000o\000n\000f\000i\000g\000u\000r\000a\000c\000i\000\363\000n}{appendix.Alph7}% 120
\BOOKMARK [2][-]{subsection.Alph7.6.1}{\376\377\000N\000\372\000c\000l\000e\000o\000\040\000P\000y\000t\000h\000o\000n}{section.Alph7.6}% 121
\BOOKMARK [2][-]{subsection.Alph7.6.2}{\376\377\000E\000x\000p\000o\000r\000t\000a\000c\000i\000\363\000n\000,\000\040\000c\000o\000n\000f\000i\000g\000u\000r\000a\000c\000i\000\363\000n\000\040\000e\000\040\000i\000n\000f\000r\000a\000e\000s\000t\000r\000u\000c\000t\000u\000r\000a}{section.Alph7.6}% 122
\BOOKMARK [2][-]{subsection.Alph7.6.3}{\376\377\000E\000j\000e\000m\000p\000l\000o\000s\000\040\000d\000e\000\040\000R\000D\000F\000\040\000y\000\040\000S\000H\000A\000C\000L}{section.Alph7.6}% 123
\BOOKMARK [1][-]{section.Alph7.7}{\376\377\000C\000o\000l\000u\000m\000n\000a\000s\000\040\000d\000e\000\040\000l\000a\000\040\000h\000o\000j\000a\000\040\000d\000e\000\040\000g\000o\000b\000i\000e\000r\000n\000o}{appendix.Alph7}% 124
\BOOKMARK [0][-]{appendix.Alph8}{\376\377\000P\000o\000s\000i\000c\000i\000o\000n\000a\000m\000i\000e\000n\000t\000o\000\040\000B\000i\000g\000\040\000D\000a\000t\000a\000\040\000y\000\040\000g\000o\000b\000i\000e\000r\000n\000o\000\040\000s\000u\000p\000e\000r\000v\000i\000s\000a\000d\000o}{}% 125
\BOOKMARK [1][-]{section.Alph8.1}{\376\377\000P\000o\000s\000i\000c\000i\000o\000n\000a\000m\000i\000e\000n\000t\000o\000\040\000f\000r\000e\000n\000t\000e\000\040\000a\000\040\000e\000n\000t\000o\000r\000n\000o\000s\000\040\000B\000i\000g\000\040\000D\000a\000t\000a}{appendix.Alph8}% 126
\BOOKMARK [1][-]{section.Alph8.2}{\376\377\000G\000o\000b\000i\000e\000r\000n\000o\000\040\000s\000u\000p\000e\000r\000v\000i\000s\000a\000d\000o\000\040\000y\000\040\000r\000e\000s\000p\000o\000n\000s\000a\000b\000i\000l\000i\000d\000a\000d\000\040\000d\000e\000l\000\040\000o\000p\000e\000r\000a\000d\000o\000r}{appendix.Alph8}% 127
